Using MPI version 4.1, 1 processes
Initializing eigensolver data
Computing 1 bands with 1e-07 tolerance
Working in 2 dimensions.
Grid size is 2 x 2 x 1.
Solving for 1 bands at a time.
Creating Maxwell data...
Mesh size is 3.
Lattice vectors:
     (1, 0, 0)
     (0, 1, 0)
     (0, 0, 1)
Cell volume = 1
Reciprocal lattice vectors (/ 2 pi):
     (1, -0, 0)
     (-0, 1, -0)
     (0, -0, 1)
Geometric objects:
     block, center = (0,0,0)
          size (1e+20,1e+20,1)
          axes (1,0,0), (0,1,0), (0,0,1)
     prism, center = (-2.08167e-17,0.012,0.5)
          height 1, axis (0,0,1), sidewall angle: 0 radians, 4 vertices:
          (0.25,0.262,0)
          (-0.25,0.262,0)
          (-0.25,-0.238,0)
          (0.25,-0.238,0)
     prism, center = (-2.08167e-17,0.988,0.5)
          height 1, axis (0,0,1), sidewall angle: 0 radians, 4 vertices:
          (0.25,1.238,0)
          (-0.25,1.238,0)
          (-0.25,0.738,0)
          (0.25,0.738,0)
     prism, center = (1,0.012,0.5)
          height 1, axis (0,0,1), sidewall angle: 0 radians, 4 vertices:
          (1.25,0.262,0)
          (0.75,0.262,0)
          (0.75,-0.238,0)
          (1.25,-0.238,0)
     prism, center = (1,0.988,0.5)
          height 1, axis (0,0,1), sidewall angle: 0 radians, 4 vertices:
          (1.25,1.238,0)
          (0.75,1.238,0)
          (0.75,0.738,0)
          (1.25,0.738,0)
Geometric object tree has depth 4 and 107 object nodes (vs. 5 actual objects)
Initializing epsilon function...
Allocating fields...
Solving for band polarization: te.
Initializing fields to random numbers...
1 k-points
  Vector3<0.0, 0.0, 0.0>
elapsed time for initialization: 0.0003211498260498047
solve_kpoint (0,0,0):
tefreqs:, k index, k1, k2, k3, kmag/2pi, te band 1
tefreqs:, 1, 0, 0, 0, 0, 0
elapsed time for k point: 2.0742416381835938e-05
total elapsed time for run: 0.00036787986755371094
done
SqrLatt PASS
Initializing eigensolver data
Computing 1 bands with 1e-07 tolerance
Working in 2 dimensions.
Grid size is 2 x 2 x 1.
Solving for 1 bands at a time.
Creating Maxwell data...
Mesh size is 3.
Lattice vectors:
     (0.5, 0.866025, 0)
     (0.5, -0.866025, 0)
     (0, 0, 1)
Cell volume = 0.866025
Reciprocal lattice vectors (/ 2 pi):
     (1, 0.57735, -0)
     (1, -0.57735, 0)
     (-0, 0, 1)
Geometric objects:
     block, center = (0,0,0)
          size (1e+20,1e+20,100)
          axes (1,0,0), (0,1,0), (0,0,1)
     prism, center = (0.430133,0.0698667,50)
          height 100, axis (0,0,1), sidewall angle: 0 radians, 3 vertices:
          (0.603338,-0.103338,0)
          (0.603338,0.416277,0)
          (0.0837231,-0.103338,0)
     prism, center = (1.0968,0.4032,50)
          height 100, axis (0,0,1), sidewall angle: 0 radians, 3 vertices:
          (1.41434,0.561971,0)
          (0.938029,0.561971,0)
          (0.938029,0.0856574,0)
     prism, center = (0.416277,1.08372,50)
          height 100, axis (0,0,1), sidewall angle: 0 radians, 3 vertices:
          (0.589482,0.910518,0)
          (0.589482,1.43013,0)
          (0.0698667,0.910518,0)
     prism, center = (1.08294,1.41706,50)
          height 100, axis (0,0,1), sidewall angle: 0 radians, 3 vertices:
          (1.40049,1.57583,0)
          (0.924172,1.57583,0)
          (0.924172,1.09951,0)
     prism, center = (1.43013,0.0698667,50)
          height 100, axis (0,0,1), sidewall angle: 0 radians, 3 vertices:
          (1.60334,-0.103338,0)
          (1.60334,0.416277,0)
          (1.08372,-0.103338,0)
     prism, center = (2.0968,0.4032,50)
          height 100, axis (0,0,1), sidewall angle: 0 radians, 3 vertices:
          (2.41434,0.561971,0)
          (1.93803,0.561971,0)
          (1.93803,0.0856574,0)
     prism, center = (1.41628,1.08372,50)
          height 100, axis (0,0,1), sidewall angle: 0 radians, 3 vertices:
          (1.58948,0.910518,0)
          (1.58948,1.43013,0)
          (1.06987,0.910518,0)
     prism, center = (2.08294,1.41706,50)
          height 100, axis (0,0,1), sidewall angle: 0 radians, 3 vertices:
          (2.40049,1.57583,0)
          (1.92417,1.57583,0)
          (1.92417,1.09951,0)
Geometric object tree has depth 6 and 189 object nodes (vs. 9 actual objects)
Initializing epsilon function...
Allocating fields...
Solving for band polarization: te.
Initializing fields to random numbers...
1 k-points
  Vector3<0.0, 0.0, 0.0>
elapsed time for initialization: 0.0003616809844970703
solve_kpoint (0,0,0):
tefreqs:, k index, k1, k2, k3, kmag/2pi, te band 1
tefreqs:, 1, 0, 0, 0, 0, 0
elapsed time for k point: 1.9073486328125e-05
total elapsed time for run: 0.00040221214294433594
done
TriLatt PASS
R5.1 solver smokes PASS

Elapsed run time = 0.1734 s
